// Jest Snapshot v1, https://goo.gl/fbAQLP

exports[`Renders NavChapters 1`] = `
<li
  className="NavChapters"
>
  <div
    aria-controls="main-nav"
    aria-expanded={false}
    className="toggle-chapters"
    onClick={[Function]}
    role="button"
  >
    Chapters
    <FontAwesomeIcon
      border={false}
      className=""
      fixedWidth={false}
      flip={null}
      icon="chevron-down"
      inverse={false}
      listItem={false}
      mask={null}
      pull={null}
      pulse={false}
      rotation={null}
      size={null}
      spin={false}
      swapOpacity={false}
      symbol={false}
      title=""
      transform={null}
    />
  </div>
  <ul>
    <li
      key="0"
      onClick={[Function]}
    >
      <NavLink
        to="/chapters/en/tldr"
      >
        TLDR;
      </NavLink>
    </li>
  </ul>
</li>
`;
