// Jest Snapshot v1, https://goo.gl/fbAQLP

exports[`Renders Nav 1`] = `
<div
  className="menu"
>
  <div
    className="toggle"
    onClick={[Function]}
  >
    <FontAwesomeIcon
      border={false}
      className=""
      fixedWidth={false}
      flip={null}
      icon="bars"
      inverse={false}
      listItem={false}
      mask={null}
      pull={null}
      pulse={false}
      rotation={null}
      size={null}
      spin={false}
      swapOpacity={false}
      symbol={false}
      title=""
      transform={null}
    />
  </div>
  <nav>
    <NavLink
      to="/"
    >
      Home
    </NavLink>
  </nav>
</div>
`;
